
*** Running vivado
    with args -log Uart_Top.vds -m64 -product Vivado -mode batch -messageDb vivado.pb -notrace -source Uart_Top.tcl

INFO: [Common 17-3922] A valid Vivado Design Suite BASIC license has been detected. Your current license is active and will expire on 25-aug-2027.
#-----------------------------------------------------------
# Vivado v2026.1 (64-bit)
# SW Build 6511674 on Tue Jun 16 11:01:26 MDT 2026
# IP Build 6504888 on Tue Jun 09 09:05:25 MDT 2026
# SharedData Build 6501428 on Mon Jun 08 17:34:18 MDT 2026
# Start of session at: Mon Sep 21 22:33:33 2026
# Process ID         : 165548
# Current directory  : /home/santiagoalasia/Documentos/UNC/ArquitecturaDeComputadoras/TP-s-ArquitecturasDeComputadoras/TP2/TP2.runs/synth_1
# Command line       : vivado -log Uart_Top.vds -product Vivado -mode batch -messageDb vivado.pb -notrace -source Uart_Top.tcl
# Log file           : /home/santiagoalasia/Documentos/UNC/ArquitecturaDeComputadoras/TP-s-ArquitecturasDeComputadoras/TP2/TP2.runs/synth_1/Uart_Top.vds
# Journal file       : /home/santiagoalasia/Documentos/UNC/ArquitecturaDeComputadoras/TP-s-ArquitecturasDeComputadoras/TP2/TP2.runs/synth_1/vivado.jou
# Running On         : santiagoalasia-X510UQ
# Platform           : Linuxmint
# Operating System   : Linux Mint 22.3
# Processor Detail   : Intel(R) Core(TM) i5-7200U CPU @ 2.50GHz
# CPU Frequency      : 3099.999 MHz
# CPU Physical cores : 2
# CPU Logical cores  : 4
# Host memory        : 8200 MB
# Swap memory        : 2147 MB
# Total Virtual      : 10347 MB
# Available Virtual  : 5151 MB
#-----------------------------------------------------------

****** Vivado v2026.1 (64-bit)
  **** SW Build 6511674 on Tue Jun 16 11:01:26 MDT 2026
  **** IP Build 6504888 on Tue Jun 09 09:05:25 MDT 2026
  **** SharedData Build 6501428 on Mon Jun 08 17:34:18 MDT 2026
  **** Start of session at: Mon Sep 21 22:33:33 2026
    ** Copyright 1986-2022 Xilinx, Inc. All Rights Reserved.
    ** Copyright 2022-2026 Advanced Micro Devices, Inc. All Rights Reserved.

source Uart_Top.tcl -notrace
create_project: Time (s): cpu = 00:00:23 ; elapsed = 00:00:08 . Memory (MB): peak = 1726.172 ; gain = 283.059 ; free physical = 912 ; free virtual = 4433
Command: synth_design -top Uart_Top -part xc7a35tcpg236-1
Starting synth_design
Attempting to get a license for feature 'Vivado_Synthesis' and/or device 'xc7a35t'
INFO: [Common 17-349] Got license for feature 'Vivado_Synthesis' and/or device 'xc7a35t'
INFO: [Synth 8-7079] Multithreading enabled for synth_design using a maximum of 7 processes.
INFO: [Synth 8-7078] Launching helper process for spawning children vivado processes
INFO: [Synth 8-7075] Helper process launched with PID 165599
---------------------------------------------------------------------------------
Starting Synthesize : Time (s): cpu = 00:00:09 ; elapsed = 00:00:10 . Memory (MB): peak = 2213.430 ; gain = 487.258 ; free physical = 233 ; free virtual = 3748
---------------------------------------------------------------------------------
INFO: [Synth 8-6157] synthesizing module 'Uart_Top' [/home/santiagoalasia/Documentos/UNC/ArquitecturaDeComputadoras/TP-s-ArquitecturasDeComputadoras/TP2/TP2.srcs/sources_1/new/Uart_Top.v:10]
INFO: [Synth 8-6157] synthesizing module 'BaudGenerator' [/home/santiagoalasia/Documentos/UNC/ArquitecturaDeComputadoras/TP-s-ArquitecturasDeComputadoras/TP2/TP2.srcs/sources_1/new/Baud_Rate_Generator.v:11]
	Parameter CLK_FREQ_HZ bound to: 100000000 - type: integer 
	Parameter BAUD_RATE bound to: 19200 - type: integer 
	Parameter OVERSAMPLING bound to: 16 - type: integer 
INFO: [Synth 8-6155] done synthesizing module 'BaudGenerator' (0#1) [/home/santiagoalasia/Documentos/UNC/ArquitecturaDeComputadoras/TP-s-ArquitecturasDeComputadoras/TP2/TP2.srcs/sources_1/new/Baud_Rate_Generator.v:11]
INFO: [Synth 8-6157] synthesizing module 'UartRx' [/home/santiagoalasia/Documentos/UNC/ArquitecturaDeComputadoras/TP-s-ArquitecturasDeComputadoras/TP2/TP2.srcs/sources_1/new/Uart_Rx.v:11]
	Parameter NB_DATA bound to: 8 - type: integer 
	Parameter N_TICKS bound to: 16 - type: integer 
INFO: [Synth 8-226] default block is never used [/home/santiagoalasia/Documentos/UNC/ArquitecturaDeComputadoras/TP-s-ArquitecturasDeComputadoras/TP2/TP2.srcs/sources_1/new/Uart_Rx.v:86]
INFO: [Synth 8-6155] done synthesizing module 'UartRx' (0#1) [/home/santiagoalasia/Documentos/UNC/ArquitecturaDeComputadoras/TP-s-ArquitecturasDeComputadoras/TP2/TP2.srcs/sources_1/new/Uart_Rx.v:11]
INFO: [Synth 8-6157] synthesizing module 'fifo' [/home/santiagoalasia/Documentos/UNC/ArquitecturaDeComputadoras/TP-s-ArquitecturasDeComputadoras/TP2/TP2.srcs/sources_1/new/Fifo.v:11]
	Parameter NB_DATA bound to: 8 - type: integer 
	Parameter N_DIR bound to: 16 - type: integer 
INFO: [Synth 8-6155] done synthesizing module 'fifo' (0#1) [/home/santiagoalasia/Documentos/UNC/ArquitecturaDeComputadoras/TP-s-ArquitecturasDeComputadoras/TP2/TP2.srcs/sources_1/new/Fifo.v:11]
INFO: [Synth 8-6157] synthesizing module 'Interface' [/home/santiagoalasia/Documentos/UNC/ArquitecturaDeComputadoras/TP-s-ArquitecturasDeComputadoras/TP2/TP2.srcs/sources_1/new/Interface.v:11]
	Parameter NB_DATA bound to: 8 - type: integer 
	Parameter NB_OPCODE bound to: 6 - type: integer 
INFO: [Synth 8-6155] done synthesizing module 'Interface' (0#1) [/home/santiagoalasia/Documentos/UNC/ArquitecturaDeComputadoras/TP-s-ArquitecturasDeComputadoras/TP2/TP2.srcs/sources_1/new/Interface.v:11]
INFO: [Synth 8-6157] synthesizing module 'ALU_Core' [/home/santiagoalasia/Documentos/UNC/ArquitecturaDeComputadoras/TP-s-ArquitecturasDeComputadoras/TP1_ALU/TP1_ALU.srcs/sources_1/new/ALU_Core.v:10]
	Parameter NB_DATA bound to: 8 - type: integer 
	Parameter NB_OP bound to: 6 - type: integer 
INFO: [Synth 8-6155] done synthesizing module 'ALU_Core' (0#1) [/home/santiagoalasia/Documentos/UNC/ArquitecturaDeComputadoras/TP-s-ArquitecturasDeComputadoras/TP1_ALU/TP1_ALU.srcs/sources_1/new/ALU_Core.v:10]
INFO: [Synth 8-6157] synthesizing module 'uart_tx' [/home/santiagoalasia/Documentos/UNC/ArquitecturaDeComputadoras/TP-s-ArquitecturasDeComputadoras/TP2/TP2.srcs/sources_1/new/Uart_Tx.v:10]
	Parameter ND_BIT bound to: 8 - type: integer 
	Parameter TICKS_POR_BIT bound to: 16 - type: integer 
	Parameter NS_TICK bound to: 16 - type: integer 
INFO: [Synth 8-6155] done synthesizing module 'uart_tx' (0#1) [/home/santiagoalasia/Documentos/UNC/ArquitecturaDeComputadoras/TP-s-ArquitecturasDeComputadoras/TP2/TP2.srcs/sources_1/new/Uart_Tx.v:10]
INFO: [Synth 8-6155] done synthesizing module 'Uart_Top' (0#1) [/home/santiagoalasia/Documentos/UNC/ArquitecturaDeComputadoras/TP-s-ArquitecturasDeComputadoras/TP2/TP2.srcs/sources_1/new/Uart_Top.v:10]
---------------------------------------------------------------------------------
Finished Synthesize : Time (s): cpu = 00:00:12 ; elapsed = 00:00:14 . Memory (MB): peak = 2300.398 ; gain = 574.227 ; free physical = 143 ; free virtual = 3620
---------------------------------------------------------------------------------
---------------------------------------------------------------------------------
Finished Constraint Validation : Time (s): cpu = 00:00:13 ; elapsed = 00:00:15 . Memory (MB): peak = 2315.242 ; gain = 589.070 ; free physical = 155 ; free virtual = 3632
---------------------------------------------------------------------------------
---------------------------------------------------------------------------------
Start Loading Part and Timing Information
---------------------------------------------------------------------------------
Loading part: xc7a35tcpg236-1
---------------------------------------------------------------------------------
INFO: [Device 21-403] Loading part xc7a35tcpg236-1
Finished Loading Part and Timing Information : Time (s): cpu = 00:00:13 ; elapsed = 00:00:15 . Memory (MB): peak = 2315.242 ; gain = 589.070 ; free physical = 155 ; free virtual = 3632
---------------------------------------------------------------------------------
INFO: [Synth 8-802] inferred FSM for state register 'state_reg' in module 'UartRx'
INFO: [Synth 8-802] inferred FSM for state register 'state_reg_reg' in module 'fifo'
INFO: [Synth 8-802] inferred FSM for state register 'state_reg' in module 'Interface'
INFO: [Synth 8-802] inferred FSM for state register 'state_reg_reg' in module 'uart_tx'
---------------------------------------------------------------------------------------------------
                   State |                     New Encoding |                Previous Encoding 
---------------------------------------------------------------------------------------------------
                    IDLE |                               00 |                               00
                   START |                               01 |                               01
                    DATA |                               10 |                               10
                    STOP |                               11 |                               11
---------------------------------------------------------------------------------------------------
INFO: [Synth 8-3354] encoded FSM with state register 'state_reg' using encoding 'sequential' in module 'UartRx'
---------------------------------------------------------------------------------------------------
                   State |                     New Encoding |                Previous Encoding 
---------------------------------------------------------------------------------------------------
                    idle |                              001 |                               00
                   write |                              010 |                               01
                    read |                              100 |                               10
---------------------------------------------------------------------------------------------------
INFO: [Synth 8-3354] encoded FSM with state register 'state_reg_reg' using encoding 'one-hot' in module 'fifo'
---------------------------------------------------------------------------------------------------
                   State |                     New Encoding |                Previous Encoding 
---------------------------------------------------------------------------------------------------
             CHECK_EMPTY |                               00 |                              000
                READ_REQ |                               01 |                              001
               READ_WAIT |                               10 |                              010
                    SEND |                               11 |                              011
---------------------------------------------------------------------------------------------------
INFO: [Synth 8-3354] encoded FSM with state register 'state_reg' using encoding 'sequential' in module 'Interface'
---------------------------------------------------------------------------------------------------
                   State |                     New Encoding |                Previous Encoding 
---------------------------------------------------------------------------------------------------
                    idle |                               00 |                               00
                   start |                               01 |                               01
                    data |                               10 |                               10
                    stop |                               11 |                               11
---------------------------------------------------------------------------------------------------
INFO: [Synth 8-3354] encoded FSM with state register 'state_reg_reg' using encoding 'sequential' in module 'uart_tx'
---------------------------------------------------------------------------------
Finished RTL Optimization Phase 2 : Time (s): cpu = 00:00:14 ; elapsed = 00:00:15 . Memory (MB): peak = 2331.258 ; gain = 605.086 ; free physical = 134 ; free virtual = 3608
---------------------------------------------------------------------------------
No constraint files found.
---------------------------------------------------------------------------------
Start RTL Component Statistics 
---------------------------------------------------------------------------------
Detailed RTL Component Info : 
+---Adders : 
	   2 Input    9 Bit       Adders := 1     
	   2 Input    8 Bit       Adders := 2     
	   3 Input    8 Bit       Adders := 1     
	   2 Input    5 Bit       Adders := 2     
	   2 Input    4 Bit       Adders := 8     
	   2 Input    3 Bit       Adders := 1     
	   2 Input    2 Bit       Adders := 1     
+---XORs : 
	   2 Input      8 Bit         XORs := 1     
+---Registers : 
	                9 Bit    Registers := 1     
	                8 Bit    Registers := 7     
	                6 Bit    Registers := 1     
	                5 Bit    Registers := 2     
	                4 Bit    Registers := 6     
	                3 Bit    Registers := 1     
	                2 Bit    Registers := 1     
	                1 Bit    Registers := 9     
+---RAMs : 
	              128 Bit	(16 X 8 bit)          RAMs := 2     
+---Muxes : 
	   4 Input    8 Bit        Muxes := 1     
	   2 Input    4 Bit        Muxes := 3     
	   4 Input    4 Bit        Muxes := 2     
	   4 Input    3 Bit        Muxes := 1     
	   3 Input    3 Bit        Muxes := 2     
	   2 Input    3 Bit        Muxes := 2     
	   4 Input    2 Bit        Muxes := 3     
	   2 Input    2 Bit        Muxes := 5     
	   3 Input    2 Bit        Muxes := 2     
	   2 Input    1 Bit        Muxes := 14    
	   4 Input    1 Bit        Muxes := 20    
	   3 Input    1 Bit        Muxes := 4     
---------------------------------------------------------------------------------
Finished RTL Component Statistics 
---------------------------------------------------------------------------------
---------------------------------------------------------------------------------
Start Part Resource Summary
---------------------------------------------------------------------------------
Part Resources:
DSPs: 90 (col length:60)
BRAMs: 100 (col length: RAMB18 60 RAMB36 30)
---------------------------------------------------------------------------------
Finished Part Resource Summary
---------------------------------------------------------------------------------
No constraint files found.
---------------------------------------------------------------------------------
Start Cross Boundary and Area Optimization
---------------------------------------------------------------------------------
---------------------------------------------------------------------------------
Finished Cross Boundary and Area Optimization : Time (s): cpu = 00:00:21 ; elapsed = 00:00:23 . Memory (MB): peak = 2469.273 ; gain = 743.102 ; free physical = 201 ; free virtual = 3431
---------------------------------------------------------------------------------
---------------------------------------------------------------------------------
Start ROM, RAM, DSP, Shift Register and Retiming Reporting
---------------------------------------------------------------------------------

Distributed RAM: Preliminary Mapping Report (see note below)
+------------+----------------------+-----------+----------------------+-------------+
|Module Name | RTL Object           | Inference | Size (Depth x Width) | Primitives  | 
+------------+----------------------+-----------+----------------------+-------------+
|Uart_Top    | fifo_rx_inst/mem_reg | Implied   | 16 x 8               | RAM32M x 2  | 
|Uart_Top    | fifo_tx_inst/mem_reg | Implied   | 16 x 8               | RAM32M x 2  | 
+------------+----------------------+-----------+----------------------+-------------+

Note: The table above is a preliminary report that shows the Distributed RAMs at the current stage of the synthesis flow. Some Distributed RAMs may be reimplemented as non Distributed RAM primitives later in the synthesis flow. Multiple instantiated RAMs are reported only once.
---------------------------------------------------------------------------------
Finished ROM, RAM, DSP, Shift Register and Retiming Reporting
---------------------------------------------------------------------------------
No constraint files found.
---------------------------------------------------------------------------------
Start Timing Optimization
---------------------------------------------------------------------------------
---------------------------------------------------------------------------------
Finished Timing Optimization : Time (s): cpu = 00:00:21 ; elapsed = 00:00:23 . Memory (MB): peak = 2469.273 ; gain = 743.102 ; free physical = 198 ; free virtual = 3428
---------------------------------------------------------------------------------
---------------------------------------------------------------------------------
Start ROM, RAM, DSP, Shift Register and Retiming Reporting
---------------------------------------------------------------------------------

Distributed RAM: Final Mapping Report
+------------+----------------------+-----------+----------------------+-------------+
|Module Name | RTL Object           | Inference | Size (Depth x Width) | Primitives  | 
+------------+----------------------+-----------+----------------------+-------------+
|Uart_Top    | fifo_rx_inst/mem_reg | Implied   | 16 x 8               | RAM32M x 2  | 
|Uart_Top    | fifo_tx_inst/mem_reg | Implied   | 16 x 8               | RAM32M x 2  | 
+------------+----------------------+-----------+----------------------+-------------+

---------------------------------------------------------------------------------
Finished ROM, RAM, DSP, Shift Register and Retiming Reporting
---------------------------------------------------------------------------------
---------------------------------------------------------------------------------
Start Technology Mapping
---------------------------------------------------------------------------------
---------------------------------------------------------------------------------
Finished Technology Mapping : Time (s): cpu = 00:00:21 ; elapsed = 00:00:24 . Memory (MB): peak = 2469.273 ; gain = 743.102 ; free physical = 191 ; free virtual = 3420
---------------------------------------------------------------------------------
---------------------------------------------------------------------------------
Start IO Insertion
---------------------------------------------------------------------------------
---------------------------------------------------------------------------------
Start Flattening Before IO Insertion
---------------------------------------------------------------------------------
---------------------------------------------------------------------------------
Finished Flattening Before IO Insertion
---------------------------------------------------------------------------------
---------------------------------------------------------------------------------
Start Final Netlist Cleanup
---------------------------------------------------------------------------------
---------------------------------------------------------------------------------
Finished Final Netlist Cleanup
---------------------------------------------------------------------------------
---------------------------------------------------------------------------------
Finished IO Insertion : Time (s): cpu = 00:00:30 ; elapsed = 00:00:33 . Memory (MB): peak = 2661.086 ; gain = 934.914 ; free physical = 166 ; free virtual = 3337
---------------------------------------------------------------------------------
---------------------------------------------------------------------------------
Start Renaming Generated Instances
---------------------------------------------------------------------------------
---------------------------------------------------------------------------------
Finished Renaming Generated Instances : Time (s): cpu = 00:00:30 ; elapsed = 00:00:33 . Memory (MB): peak = 2661.086 ; gain = 934.914 ; free physical = 166 ; free virtual = 3337
---------------------------------------------------------------------------------
---------------------------------------------------------------------------------
Start Rebuilding User Hierarchy
---------------------------------------------------------------------------------
---------------------------------------------------------------------------------
Finished Rebuilding User Hierarchy : Time (s): cpu = 00:00:30 ; elapsed = 00:00:33 . Memory (MB): peak = 2661.086 ; gain = 934.914 ; free physical = 165 ; free virtual = 3337
---------------------------------------------------------------------------------
---------------------------------------------------------------------------------
Start Renaming Generated Ports
---------------------------------------------------------------------------------
---------------------------------------------------------------------------------
Finished Renaming Generated Ports : Time (s): cpu = 00:00:30 ; elapsed = 00:00:33 . Memory (MB): peak = 2661.086 ; gain = 934.914 ; free physical = 165 ; free virtual = 3337
---------------------------------------------------------------------------------
---------------------------------------------------------------------------------
Start Handling Custom Attributes
---------------------------------------------------------------------------------
---------------------------------------------------------------------------------
Finished Handling Custom Attributes : Time (s): cpu = 00:00:30 ; elapsed = 00:00:33 . Memory (MB): peak = 2661.086 ; gain = 934.914 ; free physical = 165 ; free virtual = 3337
---------------------------------------------------------------------------------
---------------------------------------------------------------------------------
Start Renaming Generated Nets
---------------------------------------------------------------------------------
---------------------------------------------------------------------------------
Finished Renaming Generated Nets : Time (s): cpu = 00:00:30 ; elapsed = 00:00:33 . Memory (MB): peak = 2661.086 ; gain = 934.914 ; free physical = 162 ; free virtual = 3335
---------------------------------------------------------------------------------
---------------------------------------------------------------------------------
Start Writing Synthesis Report
---------------------------------------------------------------------------------

Report BlackBoxes: 
+-+--------------+----------+
| |BlackBox name |Instances |
+-+--------------+----------+
+-+--------------+----------+

Report Cell Usage: 
+------+---------+------+
|      |Cell     |Count |
+------+---------+------+
|1     |BUFG     |     1|
|2     |CARRY4   |     4|
|3     |LUT1     |     6|
|4     |LUT2     |    32|
|5     |LUT3     |    23|
|6     |LUT4     |    28|
|7     |LUT5     |    32|
|8     |LUT6     |    60|
|9     |RAM32M   |     2|
|10    |RAM32X1D |     4|
|11    |FDRE     |   124|
|12    |FDSE     |     5|
|13    |IBUF     |     3|
|14    |OBUF     |     9|
+------+---------+------+

Report Instance Areas: 
+------+----------------------+--------------+------+
|      |Instance              |Module        |Cells |
+------+----------------------+--------------+------+
|1     |top                   |              |   333|
|2     |  baud_generator_inst |BaudGenerator |    22|
|3     |  alu_core_inst       |ALU_Core      |     4|
|4     |  fifo_rx_inst        |fifo          |    52|
|5     |  fifo_tx_inst        |fifo_0        |    51|
|6     |  interface_inst      |Interface     |   102|
|7     |  uart_rx_inst        |UartRx        |    36|
|8     |  uart_tx_inst        |uart_tx       |    52|
+------+----------------------+--------------+------+
---------------------------------------------------------------------------------
Finished Writing Synthesis Report : Time (s): cpu = 00:00:30 ; elapsed = 00:00:33 . Memory (MB): peak = 2661.086 ; gain = 934.914 ; free physical = 154 ; free virtual = 3336
---------------------------------------------------------------------------------
Synthesis finished with 0 errors, 0 critical warnings and 0 warnings.
Synthesis Optimization Runtime : Time (s): cpu = 00:00:30 ; elapsed = 00:00:33 . Memory (MB): peak = 2661.086 ; gain = 934.914 ; free physical = 154 ; free virtual = 3336
Synthesis Optimization Complete : Time (s): cpu = 00:00:30 ; elapsed = 00:00:33 . Memory (MB): peak = 2664.055 ; gain = 934.914 ; free physical = 154 ; free virtual = 3336
INFO: [Project 1-571] Translating synthesized netlist
Netlist sorting complete. Time (s): cpu = 00:00:00.01 ; elapsed = 00:00:00.01 . Memory (MB): peak = 2674.961 ; gain = 0.000 ; free physical = 141 ; free virtual = 3325
INFO: [Netlist 29-17] Analyzing 10 Unisim elements for replacement
INFO: [Netlist 29-28] Unisim Transformation completed in 0 CPU seconds
INFO: [Project 1-570] Preparing netlist for logic optimization
INFO: [Opt 31-138] Pushed 0 inverter(s) to 0 load pin(s).
Netlist sorting complete. Time (s): cpu = 00:00:00 ; elapsed = 00:00:00 . Memory (MB): peak = 2783.527 ; gain = 0.000 ; free physical = 198 ; free virtual = 3378
INFO: [Project 1-111] Unisim Transformation Summary:
  A total of 6 instances were transformed.
  RAM32M => RAM32M (RAMD32(x6), RAMS32(x2)): 2 instances
  RAM32X1D => RAM32X1D (RAMD32(x2)): 4 instances

Synth Design complete | Checksum: aa8b116b
INFO: [Common 17-83] Releasing license: Vivado_Synthesis
35 Infos, 0 Warnings, 0 Critical Warnings and 0 Errors encountered.
synth_design completed successfully
synth_design: Time (s): cpu = 00:00:39 ; elapsed = 00:00:38 . Memory (MB): peak = 2786.496 ; gain = 1060.324 ; free physical = 192 ; free virtual = 3374
INFO: [Common 17-2834] synth_design peak Physical Memory [PSS] (MB): overall = 2018.540; main = 2018.306; forked = 296.934
INFO: [Common 17-2834] synth_design peak Virtual Memory [VSS] (MB): overall = 3632.234; main = 2786.500; forked = 1045.957
Write ShapeDB Complete: Time (s): cpu = 00:00:00.01 ; elapsed = 00:00:00 . Memory (MB): peak = 2810.508 ; gain = 0.000 ; free physical = 192 ; free virtual = 3374
INFO: [Common 17-1381] The checkpoint '/home/santiagoalasia/Documentos/UNC/ArquitecturaDeComputadoras/TP-s-ArquitecturasDeComputadoras/TP2/TP2.runs/synth_1/Uart_Top.dcp' has been generated.
INFO: [Vivado 12-24828] Executing command : report_utilization -file Uart_Top_utilization_synth.rpt -pb Uart_Top_utilization_synth.pb
INFO: [Common 17-206] Exiting Vivado at Mon Sep 21 22:34:25 2026...
