Copyright 1986-2022 Xilinx, Inc. All Rights Reserved. Copyright 2022-2026 Advanced Micro Devices, Inc. All Rights Reserved.
---------------------------------------------------------------------------------------------------------------------------------------------
| Tool Version : Vivado v.2026.1 (lin64) Build 6511674 Tue Jun 16 11:01:26 MDT 2026
| Date         : Wed Oct  7 18:03:50 2026
| Host         : santiagoalasia-X510UQ running 64-bit Linux Mint 22.3
| Command      : report_control_sets -verbose -file Uart_Top_control_sets_placed.rpt
| Design       : Uart_Top
| Device       : xc7a35t
---------------------------------------------------------------------------------------------------------------------------------------------

Control Set Information

Table of Contents
-----------------
1. Summary
2. Histogram
3. Flip-Flop Distribution
4. Detailed Control Set Information

1. Summary
----------

+----------------------------------------------------------+-------+
|                          Status                          | Count |
+----------------------------------------------------------+-------+
| Total control sets                                       |    18 |
|    Minimum number of control sets                        |    18 |
|    Addition due to synthesis replication                 |     0 |
|    Addition due to physical synthesis replication        |     0 |
| Unused register locations in slices containing registers |    39 |
+----------------------------------------------------------+-------+
* Control sets can be merged at opt_design using control_set_merge or merge_equivalent_drivers
** Run report_qor_suggestions for automated merging and remapping suggestions


2. Histogram
------------

+--------------------+-------+
|       Fanout       | Count |
+--------------------+-------+
| Total control sets |    18 |
| >= 0 to < 4        |     0 |
| >= 4 to < 6        |     6 |
| >= 6 to < 8        |     1 |
| >= 8 to < 10       |     6 |
| >= 10 to < 12      |     0 |
| >= 12 to < 14      |     4 |
| >= 14 to < 16      |     0 |
| >= 16              |     1 |
+--------------------+-------+
* Control sets can be remapped at either synth_design or opt_design


3. Flip-Flop Distribution
-------------------------

+--------------+-----------------------+------------------------+-----------------+--------------+
| Clock Enable | Synchronous Set/Reset | Asynchronous Set/Reset | Total Registers | Total Slices |
+--------------+-----------------------+------------------------+-----------------+--------------+
| No           | No                    | No                     |               0 |            0 |
| No           | No                    | Yes                    |               0 |            0 |
| No           | Yes                   | No                     |              33 |           13 |
| Yes          | No                    | No                     |               0 |            0 |
| Yes          | No                    | Yes                    |               0 |            0 |
| Yes          | Yes                   | No                     |              96 |           27 |
+--------------+-----------------------+------------------------+-----------------+--------------+


4. Detailed Control Set Information
-----------------------------------

+----------------+--------------------------------------+----------------------------------------+------------------+----------------+--------------+
|  Clock Signal  |             Enable Signal            |            Set/Reset Signal            | Slice Load Count | Bel Load Count | Bels / Slice |
+----------------+--------------------------------------+----------------------------------------+------------------+----------------+--------------+
|  clk_IBUF_BUFG | fifo_rx_inst/next_wr_ptr_reg[0]      | i_reset_IBUF                           |                1 |              4 |         4.00 |
|  clk_IBUF_BUFG | fifo_tx_inst/next_wr_ptr_reg[0]      | i_reset_IBUF                           |                1 |              4 |         4.00 |
|  clk_IBUF_BUFG | uart_tx_inst/next_tick_count[0]      | i_reset_IBUF                           |                1 |              4 |         4.00 |
|  clk_IBUF_BUFG | uart_rx_inst/ticks_next[0]           | i_reset_IBUF                           |                1 |              4 |         4.00 |
|  clk_IBUF_BUFG | fifo_rx_inst/count_reg[4]_i_1_n_0    | i_reset_IBUF                           |                1 |              5 |         5.00 |
|  clk_IBUF_BUFG | fifo_tx_inst/count_reg[4]_i_1__0_n_0 | i_reset_IBUF                           |                2 |              5 |         2.50 |
|  clk_IBUF_BUFG | interface_inst/opcode_next[0]        | i_reset_IBUF                           |                2 |              6 |         3.00 |
|  clk_IBUF_BUFG | uart_tx_inst/next_bit_count[0]       | i_reset_IBUF                           |                3 |              8 |         2.67 |
|  clk_IBUF_BUFG | interface_inst/data_b_next[0]        | i_reset_IBUF                           |                3 |              8 |         2.67 |
|  clk_IBUF_BUFG | interface_inst/data_a_next[0]        | i_reset_IBUF                           |                3 |              8 |         2.67 |
|  clk_IBUF_BUFG | uart_tx_inst/next_data_reg_0[0]      | i_reset_IBUF                           |                2 |              8 |         4.00 |
|  clk_IBUF_BUFG | uart_rx_inst/shift_next[0]           | i_reset_IBUF                           |                1 |              8 |         8.00 |
|  clk_IBUF_BUFG |                                      | baud_generator_inst/counter[8]_i_1_n_0 |                2 |              9 |         4.50 |
|  clk_IBUF_BUFG | fifo_tx_inst/next_rd_ptr_reg[0]      | i_reset_IBUF                           |                3 |             12 |         4.00 |
|  clk_IBUF_BUFG | fifo_tx_inst/next_wr_ptr_reg[0]      |                                        |                2 |             12 |         6.00 |
|  clk_IBUF_BUFG | fifo_rx_inst/next_rd_ptr_reg[0]      | i_reset_IBUF                           |                3 |             12 |         4.00 |
|  clk_IBUF_BUFG | fifo_rx_inst/next_wr_ptr_reg[0]      |                                        |                2 |             12 |         6.00 |
|  clk_IBUF_BUFG |                                      | i_reset_IBUF                           |               11 |             24 |         2.18 |
+----------------+--------------------------------------+----------------------------------------+------------------+----------------+--------------+


